// Jest Snapshot v1, https://goo.gl/fbAQLP

exports[`snapshot testing testing rendered tree 1`] = `
.emotion-18 {
  border: 2px solid #00a991;
  max-width: 300px;
  height: 400px;
  border-radius: 20px;
  background: white;
}

.emotion-0 {
  border: 2px solid black;
  width: 20px;
  margin: 0px auto;
  margin-top: 10px;
}

.emotion-4 {
  border: 1px solid #cdcdcd;
  margin: 15px;
  display: -webkit-box;
  display: -webkit-flex;
  display: -ms-flexbox;
  display: flex;
  -webkit-flex-direction: column;
  -ms-flex-direction: column;
  flex-direction: column;
  border-radius: 10px;
  -webkit-align-items: center;
  -webkit-box-align: center;
  -ms-flex-align: center;
  align-items: center;
  padding: 10px;
}

.emotion-2 {
  height: 120px;
  margin-top: 10px;
}

.emotion-1 {
  display: -webkit-box;
  display: -webkit-flex;
  display: -ms-flexbox;
  display: flex;
  -webkit-flex-direction: column;
  -ms-flex-direction: column;
  flex-direction: column;
}

.emotion-3 {
  border-top-style: hidden;
  border-right-style: hidden;
  border-left-style: hidden;
  border-color: #cdcdcd;
  outline: none;
  height: 30px;
  font-family: 'Roboto',sans-serif;
  text-align: center;
}

.emotion-17 {
  display: -webkit-box;
  display: -webkit-flex;
  display: -ms-flexbox;
  display: flex;
  -webkit-flex-direction: column;
  -ms-flex-direction: column;
  flex-direction: column;
  -webkit-align-items: center;
  -webkit-box-align: center;
  -ms-flex-align: center;
  align-items: center;
}

.emotion-8 {
  display: -webkit-box;
  display: -webkit-flex;
  display: -ms-flexbox;
  display: flex;
  -webkit-flex-direction: row;
  -ms-flex-direction: row;
  flex-direction: row;
  -webkit-box-pack: space-evenly;
  -webkit-justify-content: space-evenly;
  -ms-flex-pack: space-evenly;
  justify-content: space-evenly;
}

.emotion-5 {
  background: none;
  border: none;
  color: white;
  background: #00a991;
  padding: 15px;
  cursor: pointer;
  border: 1px solid white;
}

<div>
  <div
    class="emotion-18"
    color="white"
  >
    <div
      class="emotion-0"
    />
    <div
      class="emotion-4"
    >
      <div>
        Try 
        <b>
          236
        </b>
        :
      </div>
      <div
        class="emotion-2"
      >
        <div
          class="emotion-1"
        />
      </div>
      <input
        aria-label="numbers"
        class="emotion-3"
        value=""
      />
    </div>
    <div
      class="emotion-17"
    >
      <div
        class="emotion-8"
      >
        <button
          class="emotion-5"
          disabled=""
        >
          1
        </button>
        <button
          class="emotion-5"
        >
          2
        </button>
        <button
          class="emotion-5"
        >
          3
        </button>
      </div>
      <div
        class="emotion-8"
      >
        <button
          class="emotion-5"
        >
          4
        </button>
        <button
          class="emotion-5"
        >
          5
        </button>
        <button
          class="emotion-5"
        >
          6
        </button>
      </div>
      <div
        class="emotion-8"
      >
        <button
          class="emotion-5"
        >
          7
        </button>
        <button
          class="emotion-5"
        >
          8
        </button>
        <button
          class="emotion-5"
        >
          9
        </button>
      </div>
    </div>
  </div>
</div>
`;
